Java HotSpot(TM) 64-Bit Server VM (25.131-b11) for bsd-amd64 JRE (1.8.0_131-b11), built on Mar 15 2017 01:32:22 by "java_re" with gcc 4.2.1 (Based on Apple Inc. build 5658) (LLVM build 2336.11.00)
Memory: 4k page, physical 16777216k(20548k free)

/proc/meminfo:

CommandLine flags: -XX:InitialHeapSize=268435456 -XX:MaxHeapSize=8589934592 -XX:+PrintGC -XX:+PrintGCDateStamps -XX:+PrintGCDetails -XX:+PrintGCTimeStamps -XX:+UseCompressedClassPointers -XX:+UseCompressedOops -XX:+UseG1GC 
2020-05-01T09:58:55.719+0500: 1.391: [GC pause (G1 Humongous Allocation) (young) (initial-mark), 0.0029491 secs]
   [Parallel Time: 2.3 ms, GC Workers: 4]
      [GC Worker Start (ms): Min: 1391.0, Avg: 1391.2, Max: 1391.4, Diff: 0.3]
      [Ext Root Scanning (ms): Min: 0.7, Avg: 0.8, Max: 0.9, Diff: 0.2, Sum: 3.3]
      [Update RS (ms): Min: 0.0, Avg: 0.0, Max: 0.0, Diff: 0.0, Sum: 0.0]
         [Processed Buffers: Min: 0, Avg: 0.0, Max: 0, Diff: 0, Sum: 0]
      [Scan RS (ms): Min: 0.0, Avg: 0.0, Max: 0.0, Diff: 0.0, Sum: 0.0]
      [Code Root Scanning (ms): Min: 0.0, Avg: 0.0, Max: 0.0, Diff: 0.0, Sum: 0.0]
      [Object Copy (ms): Min: 0.6, Avg: 0.8, Max: 1.2, Diff: 0.6, Sum: 3.4]
      [Termination (ms): Min: 0.0, Avg: 0.2, Max: 0.4, Diff: 0.4, Sum: 1.0]
         [Termination Attempts: Min: 1, Avg: 1.0, Max: 1, Diff: 0, Sum: 4]
      [GC Worker Other (ms): Min: 0.0, Avg: 0.1, Max: 0.3, Diff: 0.2, Sum: 0.3]
      [GC Worker Total (ms): Min: 1.9, Avg: 2.0, Max: 2.1, Diff: 0.2, Sum: 8.0]
      [GC Worker End (ms): Min: 1393.0, Avg: 1393.2, Max: 1393.3, Diff: 0.3]
   [Code Root Fixup: 0.0 ms]
   [Code Root Purge: 0.0 ms]
   [Clear CT: 0.1 ms]
   [Other: 0.5 ms]
      [Choose CSet: 0.0 ms]
      [Ref Proc: 0.3 ms]
      [Ref Enq: 0.0 ms]
      [Redirty Cards: 0.1 ms]
      [Humongous Register: 0.0 ms]
      [Humongous Reclaim: 0.0 ms]
      [Free CSet: 0.0 ms]
   [Eden: 2048.0K(14.0M)->0.0B(16.0M) Survivors: 0.0B->2048.0K Heap: 72.1M(256.0M)->71.6M(256.0M)]
 [Times: user=0.01 sys=0.00, real=0.01 secs] 
2020-05-01T09:58:55.723+0500: 1.395: [GC concurrent-root-region-scan-start]
2020-05-01T09:58:55.724+0500: 1.396: [GC concurrent-root-region-scan-end, 0.0007456 secs]
2020-05-01T09:58:55.724+0500: 1.396: [GC concurrent-mark-start]
2020-05-01T09:58:55.725+0500: 1.396: [GC concurrent-mark-end, 0.0007617 secs]
2020-05-01T09:58:55.727+0500: 1.399: [GC remark 2020-05-01T09:58:55.727+0500: 1.399: [Finalize Marking, 0.0002393 secs] 2020-05-01T09:58:55.727+0500: 1.399: [GC ref-proc, 0.0000474 secs] 2020-05-01T09:58:55.727+0500: 1.399: [Unloading, 0.0012472 secs], 0.0023365 secs]
 [Times: user=0.00 sys=0.00, real=0.00 secs] 
2020-05-01T09:58:55.729+0500: 1.401: [GC cleanup 72M->72M(256M), 0.0024088 secs]
 [Times: user=0.00 sys=0.00, real=0.01 secs] 
2020-05-01T10:00:59.864+0500: 125.532: [GC pause (G1 Humongous Allocation) (young) (to-space exhausted), 0.0141030 secs]
   [Parallel Time: 7.8 ms, GC Workers: 4]
      [GC Worker Start (ms): Min: 125535.8, Avg: 125535.8, Max: 125535.8, Diff: 0.0]
      [Ext Root Scanning (ms): Min: 0.2, Avg: 2.6, Max: 7.7, Diff: 7.5, Sum: 10.3]
      [Update RS (ms): Min: 0.0, Avg: 0.0, Max: 0.0, Diff: 0.0, Sum: 0.0]
         [Processed Buffers: Min: 0, Avg: 0.0, Max: 0, Diff: 0, Sum: 0]
      [Scan RS (ms): Min: 0.0, Avg: 0.0, Max: 0.0, Diff: 0.0, Sum: 0.0]
      [Code Root Scanning (ms): Min: 0.0, Avg: 0.7, Max: 2.8, Diff: 2.8, Sum: 2.8]
      [Object Copy (ms): Min: 0.0, Avg: 3.0, Max: 6.1, Diff: 6.1, Sum: 12.2]
      [Termination (ms): Min: 0.0, Avg: 1.3, Max: 2.4, Diff: 2.4, Sum: 5.4]
         [Termination Attempts: Min: 1, Avg: 1.0, Max: 1, Diff: 0, Sum: 4]
      [GC Worker Other (ms): Min: 0.0, Avg: 0.0, Max: 0.0, Diff: 0.0, Sum: 0.1]
      [GC Worker Total (ms): Min: 7.7, Avg: 7.7, Max: 7.7, Diff: 0.0, Sum: 30.8]
      [GC Worker End (ms): Min: 125543.5, Avg: 125543.5, Max: 125543.5, Diff: 0.0]
   [Code Root Fixup: 0.0 ms]
   [Code Root Purge: 0.0 ms]
   [Clear CT: 0.1 ms]
   [Other: 6.2 ms]
      [Evacuation Failure: 1.7 ms]
      [Choose CSet: 0.0 ms]
      [Ref Proc: 0.2 ms]
      [Ref Enq: 0.0 ms]
      [Redirty Cards: 0.1 ms]
      [Humongous Register: 3.7 ms]
      [Humongous Reclaim: 0.5 ms]
      [Free CSet: 0.0 ms]
   [Eden: 2048.0K(16.0M)->0.0B(408.0M) Survivors: 2048.0K->0.0B Heap: 5118.9M(8192.0M)->5118.9M(8192.0M)]
 [Times: user=0.01 sys=0.00, real=0.01 secs] 
2020-05-01T10:00:59.880+0500: 125.548: [Full GC (Allocation Failure)  5118M->5118M(8192M), 0.1226778 secs]
   [Eden: 0.0B(408.0M)->0.0B(408.0M) Survivors: 0.0B->0.0B Heap: 5118.9M(8192.0M)->5118.1M(8192.0M)], [Metaspace: 2649K->2649K(1056768K)]
 [Times: user=0.07 sys=0.06, real=0.12 secs] 
2020-05-01T10:01:00.003+0500: 125.671: [GC pause (G1 Evacuation Pause) (young) (initial-mark), 0.0059550 secs]
   [Parallel Time: 2.3 ms, GC Workers: 4]
      [GC Worker Start (ms): Min: 125674.0, Avg: 125674.0, Max: 125674.1, Diff: 0.0]
      [Ext Root Scanning (ms): Min: 0.2, Avg: 0.2, Max: 0.2, Diff: 0.0, Sum: 0.7]
      [Update RS (ms): Min: 0.0, Avg: 1.0, Max: 2.0, Diff: 2.0, Sum: 3.9]
         [Processed Buffers: Min: 0, Avg: 0.8, Max: 1, Diff: 1, Sum: 3]
      [Scan RS (ms): Min: 0.0, Avg: 0.0, Max: 0.0, Diff: 0.0, Sum: 0.0]
      [Code Root Scanning (ms): Min: 0.0, Avg: 0.0, Max: 0.0, Diff: 0.0, Sum: 0.0]
      [Object Copy (ms): Min: 0.0, Avg: 0.0, Max: 0.0, Diff: 0.0, Sum: 0.0]
      [Termination (ms): Min: 0.0, Avg: 1.0, Max: 2.0, Diff: 2.0, Sum: 4.2]
         [Termination Attempts: Min: 1, Avg: 1.0, Max: 1, Diff: 0, Sum: 4]
      [GC Worker Other (ms): Min: 0.0, Avg: 0.0, Max: 0.0, Diff: 0.0, Sum: 0.0]
      [GC Worker Total (ms): Min: 2.2, Avg: 2.2, Max: 2.3, Diff: 0.1, Sum: 8.9]
      [GC Worker End (ms): Min: 125676.3, Avg: 125676.3, Max: 125676.3, Diff: 0.0]
   [Code Root Fixup: 0.0 ms]
   [Code Root Purge: 0.0 ms]
   [Clear CT: 0.1 ms]
   [Other: 3.6 ms]
      [Choose CSet: 0.0 ms]
      [Ref Proc: 0.1 ms]
      [Ref Enq: 0.0 ms]
      [Redirty Cards: 0.1 ms]
      [Humongous Register: 2.4 ms]
      [Humongous Reclaim: 0.5 ms]
      [Free CSet: 0.0 ms]
   [Eden: 0.0B(408.0M)->0.0B(408.0M) Survivors: 0.0B->0.0B Heap: 5119.3M(8192.0M)->5119.3M(8192.0M)]
 [Times: user=0.01 sys=0.00, real=0.00 secs] 
2020-05-01T10:01:00.010+0500: 125.677: [GC concurrent-root-region-scan-start]
2020-05-01T10:01:00.010+0500: 125.677: [GC concurrent-root-region-scan-end, 0.0000299 secs]
2020-05-01T10:01:00.010+0500: 125.677: [GC concurrent-mark-start]
2020-05-01T10:01:00.010+0500: 125.678: [GC pause (G1 Evacuation Pause) (young), 0.0055480 secs]
   [Parallel Time: 1.7 ms, GC Workers: 4]
      [GC Worker Start (ms): Min: 125681.2, Avg: 125681.3, Max: 125681.3, Diff: 0.0]
      [Ext Root Scanning (ms): Min: 0.1, Avg: 0.1, Max: 0.2, Diff: 0.0, Sum: 0.6]
      [Update RS (ms): Min: 0.0, Avg: 0.7, Max: 1.4, Diff: 1.4, Sum: 2.8]
         [Processed Buffers: Min: 1, Avg: 1.0, Max: 1, Diff: 0, Sum: 4]
      [Scan RS (ms): Min: 0.0, Avg: 0.0, Max: 0.0, Diff: 0.0, Sum: 0.0]
      [Code Root Scanning (ms): Min: 0.0, Avg: 0.0, Max: 0.0, Diff: 0.0, Sum: 0.0]
      [Object Copy (ms): Min: 0.0, Avg: 0.0, Max: 0.0, Diff: 0.0, Sum: 0.0]
      [Termination (ms): Min: 0.0, Avg: 0.7, Max: 1.4, Diff: 1.4, Sum: 2.9]
         [Termination Attempts: Min: 1, Avg: 1.0, Max: 1, Diff: 0, Sum: 4]
      [GC Worker Other (ms): Min: 0.0, Avg: 0.0, Max: 0.0, Diff: 0.0, Sum: 0.0]
      [GC Worker Total (ms): Min: 1.6, Avg: 1.6, Max: 1.6, Diff: 0.0, Sum: 6.4]
      [GC Worker End (ms): Min: 125682.8, Avg: 125682.8, Max: 125682.8, Diff: 0.0]
   [Code Root Fixup: 0.0 ms]
   [Code Root Purge: 0.0 ms]
   [Clear CT: 0.0 ms]
   [Other: 3.8 ms]
      [Choose CSet: 0.0 ms]
      [Ref Proc: 0.1 ms]
      [Ref Enq: 0.0 ms]
      [Redirty Cards: 0.0 ms]
      [Humongous Register: 3.4 ms]
      [Humongous Reclaim: 0.3 ms]
      [Free CSet: 0.0 ms]
   [Eden: 0.0B(408.0M)->0.0B(408.0M) Survivors: 0.0B->0.0B Heap: 5119.3M(8192.0M)->5119.3M(8192.0M)]
 [Times: user=0.01 sys=0.00, real=0.00 secs] 
2020-05-01T10:01:00.016+0500: 125.684: [Full GC (Allocation Failure)  5119M->5119M(8192M), 0.0437621 secs]
   [Eden: 0.0B(408.0M)->0.0B(408.0M) Survivors: 0.0B->0.0B Heap: 5119.3M(8192.0M)->5119.3M(8192.0M)], [Metaspace: 2649K->2649K(1056768K)]
 [Times: user=0.05 sys=0.00, real=0.04 secs] 
2020-05-01T10:01:00.060+0500: 125.727: [Full GC (Allocation Failure)  5119M->5119M(8192M), 0.0422456 secs]
   [Eden: 0.0B(408.0M)->0.0B(408.0M) Survivors: 0.0B->0.0B Heap: 5119.3M(8192.0M)->5119.3M(8192.0M)], [Metaspace: 2649K->2649K(1056768K)]
 [Times: user=0.04 sys=0.00, real=0.04 secs] 
2020-05-01T10:01:00.102+0500: 125.770: [GC concurrent-mark-abort]
2020-05-01T10:01:00.102+0500: 125.770: [GC pause (G1 Evacuation Pause) (young), 0.0051095 secs]
   [Parallel Time: 2.0 ms, GC Workers: 4]
      [GC Worker Start (ms): Min: 125772.5, Avg: 125772.6, Max: 125772.8, Diff: 0.3]
      [Ext Root Scanning (ms): Min: 0.0, Avg: 0.1, Max: 0.2, Diff: 0.2, Sum: 0.6]
      [Update RS (ms): Min: 0.0, Avg: 0.8, Max: 1.8, Diff: 1.8, Sum: 3.1]
         [Processed Buffers: Min: 0, Avg: 0.8, Max: 1, Diff: 1, Sum: 3]
      [Scan RS (ms): Min: 0.0, Avg: 0.0, Max: 0.0, Diff: 0.0, Sum: 0.0]
      [Code Root Scanning (ms): Min: 0.0, Avg: 0.0, Max: 0.0, Diff: 0.0, Sum: 0.0]
      [Object Copy (ms): Min: 0.0, Avg: 0.0, Max: 0.0, Diff: 0.0, Sum: 0.0]
      [Termination (ms): Min: 0.0, Avg: 1.0, Max: 1.8, Diff: 1.8, Sum: 4.0]
         [Termination Attempts: Min: 1, Avg: 1.0, Max: 1, Diff: 0, Sum: 4]
      [GC Worker Other (ms): Min: 0.0, Avg: 0.0, Max: 0.0, Diff: 0.0, Sum: 0.0]
      [GC Worker Total (ms): Min: 1.7, Avg: 1.9, Max: 2.0, Diff: 0.3, Sum: 7.7]
      [GC Worker End (ms): Min: 125774.5, Avg: 125774.5, Max: 125774.5, Diff: 0.0]
   [Code Root Fixup: 0.0 ms]
   [Code Root Purge: 0.0 ms]
   [Clear CT: 0.0 ms]
   [Other: 3.0 ms]
      [Choose CSet: 0.0 ms]
      [Ref Proc: 0.2 ms]
      [Ref Enq: 0.0 ms]
      [Redirty Cards: 0.0 ms]
      [Humongous Register: 2.4 ms]
      [Humongous Reclaim: 0.3 ms]
      [Free CSet: 0.0 ms]
   [Eden: 0.0B(408.0M)->0.0B(408.0M) Survivors: 0.0B->0.0B Heap: 5119.3M(8192.0M)->5119.3M(8192.0M)]
 [Times: user=0.01 sys=0.00, real=0.00 secs] 
2020-05-01T10:01:00.108+0500: 125.776: [GC pause (G1 Evacuation Pause) (young) (initial-mark), 0.0056365 secs]
   [Parallel Time: 2.0 ms, GC Workers: 4]
      [GC Worker Start (ms): Min: 125779.0, Avg: 125779.1, Max: 125779.2, Diff: 0.2]
      [Ext Root Scanning (ms): Min: 0.0, Avg: 0.2, Max: 0.2, Diff: 0.2, Sum: 0.6]
      [Update RS (ms): Min: 0.0, Avg: 0.8, Max: 1.7, Diff: 1.7, Sum: 3.0]
         [Processed Buffers: Min: 0, Avg: 0.8, Max: 1, Diff: 1, Sum: 3]
      [Scan RS (ms): Min: 0.0, Avg: 0.0, Max: 0.0, Diff: 0.0, Sum: 0.0]
      [Code Root Scanning (ms): Min: 0.0, Avg: 0.0, Max: 0.0, Diff: 0.0, Sum: 0.0]
      [Object Copy (ms): Min: 0.0, Avg: 0.0, Max: 0.0, Diff: 0.0, Sum: 0.0]
      [Termination (ms): Min: 0.0, Avg: 1.0, Max: 1.7, Diff: 1.7, Sum: 3.8]
         [Termination Attempts: Min: 1, Avg: 1.0, Max: 1, Diff: 0, Sum: 4]
      [GC Worker Other (ms): Min: 0.0, Avg: 0.0, Max: 0.0, Diff: 0.0, Sum: 0.0]
      [GC Worker Total (ms): Min: 1.7, Avg: 1.9, Max: 2.0, Diff: 0.2, Sum: 7.6]
      [GC Worker End (ms): Min: 125781.0, Avg: 125781.0, Max: 125781.0, Diff: 0.0]
   [Code Root Fixup: 0.0 ms]
   [Code Root Purge: 0.0 ms]
   [Clear CT: 0.0 ms]
   [Other: 3.6 ms]
      [Choose CSet: 0.0 ms]
      [Ref Proc: 0.2 ms]
      [Ref Enq: 0.0 ms]
      [Redirty Cards: 0.0 ms]
      [Humongous Register: 2.6 ms]
      [Humongous Reclaim: 0.4 ms]
      [Free CSet: 0.0 ms]
   [Eden: 0.0B(408.0M)->0.0B(408.0M) Survivors: 0.0B->0.0B Heap: 5119.3M(8192.0M)->5119.3M(8192.0M)]
 [Times: user=0.01 sys=0.00, real=0.01 secs] 
2020-05-01T10:01:00.114+0500: 125.782: [GC concurrent-root-region-scan-start]
2020-05-01T10:01:00.114+0500: 125.782: [GC concurrent-root-region-scan-end, 0.0000156 secs]
2020-05-01T10:01:00.114+0500: 125.782: [GC concurrent-mark-start]
2020-05-01T10:01:00.115+0500: 125.783: [Full GC (Allocation Failure)  5119M->3859M(8192M), 0.0517244 secs]
   [Eden: 0.0B(408.0M)->0.0B(408.0M) Survivors: 0.0B->0.0B Heap: 5119.3M(8192.0M)->3859.2M(8192.0M)], [Metaspace: 2657K->2657K(1056768K)]
 [Times: user=0.05 sys=0.00, real=0.05 secs] 
2020-05-01T10:01:00.167+0500: 125.835: [GC concurrent-mark-abort]
Heap
 garbage-first heap   total 8388608K, used 3953915K [0x00000005c0000000, 0x00000005c0208000, 0x00000007c0000000)
  region size 2048K, 2 young (4096K), 0 survivors (0K)
 Metaspace       used 2687K, capacity 4494K, committed 4864K, reserved 1056768K
  class space    used 290K, capacity 386K, committed 512K, reserved 1048576K
